// Jest Snapshot v1, https://goo.gl/fbAQLP

exports[`matches snapshot 1`] = `
<DocumentFragment>
  <div>
    <form>
      <label
        for="text"
      >
        Todo:
      </label>
      <input
        id="text"
        name="text"
        value=""
      />
      <button>
        Add
      </button>
    </form>
    <ul />
  </div>
</DocumentFragment>
`;
